###############################################################################
#
# IAR ELF Linker V3.10.1.201 for STM8                     10/Apr/2024  18:49:28
# Copyright 2010-2017 IAR Systems AB.
#
#    Output file  =  D:\STM8_CODE\clean_eyes\Debug\Exe\clean_eyes.out
#    Map file     =  D:\STM8_CODE\clean_eyes\Debug\List\clean_eyes.map
#    Command line =  
#        -f C:\Users\zhangqi\AppData\Local\Temp\EW7078.tmp
#        (D:\STM8_CODE\clean_eyes\Debug\Obj\main.o
#        D:\STM8_CODE\clean_eyes\Debug\Obj\stm8s_gpio.o
#        D:\STM8_CODE\clean_eyes\Debug\Obj\stm8s_it.o
#        D:\STM8_CODE\clean_eyes\Debug\Obj\stm8s_tim2.o
#        D:\STM8_CODE\clean_eyes\Debug\Obj\stm8s_tim4.o --redirect
#        _Printf=_PrintfSmall --redirect _Scanf=_ScanfSmall -o
#        D:\STM8_CODE\clean_eyes\Debug\Exe\clean_eyes.out --map
#        D:\STM8_CODE\clean_eyes\Debug\List\clean_eyes.map --config "C:\Program
#        Files (x86)\IAR Systems\Embedded Workbench
#        8.0\stm8\config\lnkstm8s003f3.icf" --config_def _CSTACK_SIZE=0x100
#        --config_def _HEAP_SIZE=0x100 --entry __iar_program_start --debug_lib)
#
###############################################################################

*******************************************************************************
*** RUNTIME MODEL ATTRIBUTES
***

__SystemLibrary            = DLib
__code_model               = small
__core                     = stm8
__data_model               = medium
__dlib_file_descriptor     = 0
__dlib_full_locale_support = 0
__rt_version               = 4


*******************************************************************************
*** PLACEMENT SUMMARY
***

"A0":  place at start of [0x000000-0x0000ff] { rw section .vregs };
"A1":  place at end of [0x000000-0x0003ff] { block CSTACK };
"P2":  place in [from 0x000000 to 0x0003ff] {
          block HEAP, rw section __DLIB_PERTHREAD, rw section .far.bss,
          rw section .far.data, rw section .far.noinit,
          rw section .far_func.textrw, rw section .huge.bss,
          rw section .huge.data, rw section .huge.noinit,
          rw section .huge_func.textrw, rw section .iar.dynexit,
          rw section .near.bss, rw section .near.data, rw section .near.noinit,
          rw section .near_func.textrw };
"A2":  place at start of [0x008000-0x009fff] { block INTVEC };
"P3":  place in [from 0x008000 to 0x009fff] {
          ro section __DLIB_PERTHREAD_init, ro section .far.data_init,
          ro section .far_func.textrw_init, ro section .huge.data_init,
          ro section .huge_func.textrw_init, ro section .iar.init_table,
          ro section .init_array, ro section .near.data_init,
          ro section .near.rodata, ro section .near_func.text,
          ro section .near_func.textrw_init, ro section .tiny.data_init,
          ro section .tiny.rodata_init };
"P4":  place in [from 0x008000 to 0x009fff] {
          ro section .far.rodata, ro section .far_func.text };
"P5":  place in [from 0x008000 to 0x009fff] {
          ro section .huge.rodata, ro section .huge_func.text };
do not initialize {
   rw section .eeprom.noinit, rw section .far.noinit, rw section .huge.noinit,
   rw section .near.noinit, rw section .tiny.noinit, rw section .vregs };

  Section          Kind      Address   Size  Object
  -------          ----      -------   ----  ------
"A0":                                   0xc
  .vregs           uninit   0x000000    0xc  vregs.o [4]
                          - 0x00000c    0xc

"P2":                                   0x6
  .near.bss        zero     0x00000c    0x4  stm8s_it.o [1]
  .near.bss        zero     0x000010    0x2  main.o [1]
                          - 0x000012    0x6

"A1":                                 0x100
  CSTACK                    0x000300  0x100  <Block>
    CSTACK         uninit   0x000300  0x100  <Block tail>
                          - 0x000400  0x100

"A2":                                  0x80
  INTVEC                    0x008000   0x80  <Block>
    .intvec        const    0x008000   0x80  interrupt.o [4]
                          - 0x008080   0x80

"P3-P5":                              0x6d5
  .near_func.text  ro code  0x008080  0x110  stm8s_gpio.o [1]
  .near_func.text  ro code  0x008190   0x84  vreg_util.o [4]
  .near_func.text  ro code  0x008214   0x59  stm8s_tim2.o [1]
  .near_func.text  ro code  0x00826d   0x54  stm8s_tim2.o [1]
  .near_func.text  ro code  0x0082c1   0x51  stm8s_tim4.o [1]
  .near_func.text  ro code  0x008312   0x50  stm8s_tim4.o [1]
  .near_func.text  ro code  0x008362   0x4f  stm8s_it.o [1]
  .near_func.text  ro code  0x0083b1   0x4e  main.o [1]
  .near.rodata     const    0x0083ff   0x40  stm8s_gpio.o [1]
  .near.rodata     const    0x00843f   0x40  stm8s_tim2.o [1]
  .near.rodata     const    0x00847f   0x40  stm8s_tim4.o [1]
  .near_func.text  ro code  0x0084bf   0x2f  stm8s_tim2.o [1]
  .near_func.text  ro code  0x0084ee   0x2f  stm8s_tim2.o [1]
  .near_func.text  ro code  0x00851d   0x2f  stm8s_tim4.o [1]
  .near_func.text  ro code  0x00854c   0x28  stm8s_tim2.o [1]
  .near_func.text  ro code  0x008574   0x24  stm8s_tim4.o [1]
  .near_func.text  ro code  0x008598   0x24  stm8s_tim4.o [1]
  .near_func.text  ro code  0x0085bc   0x22  main.o [1]
  .iar.init_table  const    0x0085de    0x8  - Linker created -
  .near_func.text  ro code  0x0085e6   0x20  main.o [1]
  .near_func.text  ro code  0x008606   0x1f  stm8s_it.o [1]
  .near_func.text  ro code  0x008625   0x1e  init_small.o [4]
  .near_func.text  ro code  0x008643   0x1a  long_util.o [4]
  .near_func.text  ro code  0x00865d   0x19  main.o [1]
  .near_func.text  ro code  0x008676   0x17  main.o [1]
  .near_func.text  ro code  0x00868d   0x14  init.o [4]
  .near_func.text  ro code  0x0086a1   0x14  __dbg_xxexit.o [3]
  .near_func.text  ro code  0x0086b5   0x13  cstartup.o [4]
  .near_func.text  ro code  0x0086c8   0x13  long.o [4]
  .near_func.text  ro code  0x0086db    0xe  dc_util.o [4]
  .near_func.text  ro code  0x0086e9    0xc  stm8s_tim2.o [1]
  .near_func.text  ro code  0x0086f5    0xb  short.o [4]
  .near_func.text  ro code  0x008700    0x9  main.o [1]
  .near_func.text  ro code  0x008709    0x9  stm8s_tim2.o [1]
  .near_func.text  ro code  0x008712    0x7  stm8s_gpio.o [1]
  .near_func.text  ro code  0x008719    0x7  stm8s_gpio.o [1]
  .near_func.text  ro code  0x008720    0x7  stm8s_gpio.o [1]
  .near_func.text  ro code  0x008727    0x5  cexit.o [4]
  .near_func.text  ro code  0x00872c    0x4  stm8s_gpio.o [1]
  .near_func.text  ro code  0x008730    0x4  stm8s_tim4.o [1]
  .near_func.text  ro code  0x008734    0x3  interrupt.o [4]
  .near_func.text  ro code  0x008737    0x3  low_level_init.o [4]
  .near_func.text  ro code  0x00873a    0x3  exit.o [4]
  .near_func.text  ro code  0x00873d    0x3  unhandled_exception.o [4]
  .near_func.text  ro code  0x008740    0x2  main.o [1]
  .near_func.text  ro code  0x008742    0x1  stm8s_it.o [1]
  .near_func.text  ro code  0x008743    0x1  stm8s_it.o [1]
  .near_func.text  ro code  0x008744    0x1  stm8s_it.o [1]
  .near_func.text  ro code  0x008745    0x1  stm8s_it.o [1]
  .near_func.text  ro code  0x008746    0x1  stm8s_it.o [1]
  .near_func.text  ro code  0x008747    0x1  stm8s_it.o [1]
  .near_func.text  ro code  0x008748    0x1  stm8s_it.o [1]
  .near_func.text  ro code  0x008749    0x1  stm8s_it.o [1]
  .near_func.text  ro code  0x00874a    0x1  stm8s_it.o [1]
  .near_func.text  ro code  0x00874b    0x1  stm8s_it.o [1]
  .near_func.text  ro code  0x00874c    0x1  stm8s_it.o [1]
  .near_func.text  ro code  0x00874d    0x1  stm8s_it.o [1]
  .near_func.text  ro code  0x00874e    0x1  stm8s_it.o [1]
  .near_func.text  ro code  0x00874f    0x1  stm8s_it.o [1]
  .near_func.text  ro code  0x008750    0x1  stm8s_it.o [1]
  .near_func.text  ro code  0x008751    0x1  stm8s_it.o [1]
  .near_func.text  ro code  0x008752    0x1  stm8s_it.o [1]
  .near_func.text  ro code  0x008753    0x1  stm8s_it.o [1]
  .near_func.text  ro code  0x008754    0x1  __dbg_break.o [3]
                          - 0x008755  0x6d5


*******************************************************************************
*** INIT TABLE
***

          Address   Size
          -------   ----
Zero (__iar_zero_init2)
    1 destination range, total size 0x6:
          0x00000c   0x6



*******************************************************************************
*** MODULE SUMMARY
***

    Module                 ro code  ro data  rw data
    ------                 -------  -------  -------
D:\STM8_CODE\clean_eyes\Debug\Obj: [1]
    main.o                     203                 2
    stm8s_gpio.o               297       64
    stm8s_it.o                 128                 4
    stm8s_tim2.o               328       64
    stm8s_tim4.o               284       64
    ------------------------------------------------
    Total:                   1 240      192        6

command line: [2]
    ------------------------------------------------
    Total:

dbgstm8smd.a: [3]
    __dbg_break.o                1
    __dbg_xxexit.o              20
    ------------------------------------------------
    Total:                      21

dlstm8smn.a: [4]
    cexit.o                      5
    cstartup.o                  19
    dc_util.o                   14
    exit.o                       3
    init.o                      20
    init_small.o                30
    interrupt.o                  3      128
    long.o                      19
    long_util.o                 26
    low_level_init.o             3
    short.o                     11
    unhandled_exception.o        3
    vreg_util.o                132
    vregs.o                                       12
    ------------------------------------------------
    Total:                     288      128       12

    Linker created                        8      256
----------------------------------------------------
    Grand Total:             1 549      328      274


*******************************************************************************
*** ENTRY LIST
***

Entry                    Address   Size  Type      Object
-----                    -------   ----  ----      ------
.iar.init_table$$Base   0x0085de          --   Gb  - Linker created -
.iar.init_table$$Limit  0x0085e6          --   Gb  - Linker created -
?and16_x_x_dw           0x0086f5         Code  Gb  short.o [4]
?and16_x_x_w0           0x0086f8         Code  Gb  short.o [4]
?b0                     0x000000         Data  Gb  vregs.o [4]
?b1                     0x000001         Data  Gb  vregs.o [4]
?b10                    0x00000a         Data  Gb  vregs.o [4]
?b11                    0x00000b         Data  Gb  vregs.o [4]
?b2                     0x000002         Data  Gb  vregs.o [4]
?b3                     0x000003         Data  Gb  vregs.o [4]
?b4                     0x000004         Data  Gb  vregs.o [4]
?b5                     0x000005         Data  Gb  vregs.o [4]
?b6                     0x000006         Data  Gb  vregs.o [4]
?b7                     0x000007         Data  Gb  vregs.o [4]
?b8                     0x000008         Data  Gb  vregs.o [4]
?b9                     0x000009         Data  Gb  vregs.o [4]
?dc16_w0                0x0086db         Code  Gb  dc_util.o [4]
?e0                     0x000001         Data  Gb  vregs.o [4]
?e1                     0x000005         Data  Gb  vregs.o [4]
?e2                     0x000009         Data  Gb  vregs.o [4]
?epilogue_l2            0x00820c         Code  Gb  vreg_util.o [4]
?epilogue_w4            0x008210         Code  Gb  vreg_util.o [4]
?inc32_0x_0x            0x0086cd         Code  Gb  long.o [4]
?inc32_l0_l0            0x0086c8         Code  Gb  long.o [4]
?l0                     0x000000         Data  Gb  vregs.o [4]
?l1                     0x000004         Data  Gb  vregs.o [4]
?l2                     0x000008         Data  Gb  vregs.o [4]
?load32_0x_l0           0x00864f         Code  Gb  long_util.o [4]
?load32_l0_0x           0x008643         Code  Gb  long_util.o [4]
?pop_l0                 0x0081e3         Code  Gb  vreg_util.o [4]
?pop_l1                 0x0081ee         Code  Gb  vreg_util.o [4]
?pop_l2                 0x0081f9         Code  Gb  vreg_util.o [4]
?pop_w4                 0x0081a8         Code  Gb  vreg_util.o [4]
?push_l0                0x0081b7         Code  Gb  vreg_util.o [4]
?push_l1                0x0081bc         Code  Gb  vreg_util.o [4]
?push_l2                0x0081c1         Code  Gb  vreg_util.o [4]
?push_w4                0x008190         Code  Gb  vreg_util.o [4]
?w0                     0x000000         Data  Gb  vregs.o [4]
?w1                     0x000002         Data  Gb  vregs.o [4]
?w2                     0x000004         Data  Gb  vregs.o [4]
?w3                     0x000006         Data  Gb  vregs.o [4]
?w4                     0x000008         Data  Gb  vregs.o [4]
?w5                     0x00000a         Data  Gb  vregs.o [4]
ADC1_IRQHandler         0x008752    0x1  Code  Gb  stm8s_it.o [1]
AWU_IRQHandler          0x008744    0x1  Code  Gb  stm8s_it.o [1]
CLK_IRQHandler          0x008745    0x1  Code  Gb  stm8s_it.o [1]
CSTACK$$Base            0x000300          --   Gb  - Linker created -
CSTACK$$Limit           0x000400          --   Gb  - Linker created -
Delay_ms                0x0085e6   0x20  Code  Gb  main.o [1]
EEPROM_EEC_IRQHandler   0x008753    0x1  Code  Gb  stm8s_it.o [1]
EXTI_PORTA_IRQHandler   0x008746    0x1  Code  Gb  stm8s_it.o [1]
EXTI_PORTB_IRQHandler   0x008747    0x1  Code  Gb  stm8s_it.o [1]
EXTI_PORTC_IRQHandler   0x008748    0x1  Code  Gb  stm8s_it.o [1]
EXTI_PORTD_IRQHandler   0x008749    0x1  Code  Gb  stm8s_it.o [1]
EXTI_PORTE_IRQHandler   0x00874a    0x1  Code  Gb  stm8s_it.o [1]
GPIO_Config             0x0085bc   0x22  Code  Gb  main.o [1]
GPIO_Init               0x008080  0x110  Code  Gb  stm8s_gpio.o [1]
GPIO_ReadInputPin       0x008720    0x7  Code  Gb  stm8s_gpio.o [1]
GPIO_WriteHigh          0x008712    0x7  Code  Gb  stm8s_gpio.o [1]
GPIO_WriteLow           0x00872c    0x4  Code  Gb  stm8s_gpio.o [1]
GPIO_WriteReverse       0x008719    0x7  Code  Gb  stm8s_gpio.o [1]
I2C_IRQHandler          0x008751    0x1  Code  Gb  stm8s_it.o [1]
INTVEC$$Base            0x008000          --   Gb  - Linker created -
INTVEC$$Limit           0x008080          --   Gb  - Linker created -
Region$$Table$$Base     0x0085de          --   Gb  - Linker created -
Region$$Table$$Limit    0x0085e6          --   Gb  - Linker created -
SPI_IRQHandler          0x00874b    0x1  Code  Gb  stm8s_it.o [1]
TIM1_CAP_COM_IRQHandler
                        0x00874d    0x1  Code  Gb  stm8s_it.o [1]
TIM1_UPD_OVF_TRG_BRK_IRQHandler
                        0x00874c    0x1  Code  Gb  stm8s_it.o [1]
TIM2_CAP_COM_IRQHandler
                        0x00874e    0x1  Code  Gb  stm8s_it.o [1]
TIM2_ClearFlag          0x0084ee   0x2f  Code  Gb  stm8s_tim2.o [1]
TIM2_ClearITPendingBit  0x00854c   0x28  Code  Gb  stm8s_tim2.o [1]
TIM2_Cmd                0x0084bf   0x2f  Code  Gb  stm8s_tim2.o [1]
TIM2_ConfigForDelay     0x00865d   0x19  Code  Gb  main.o [1]
TIM2_DeInit             0x008214   0x59  Code  Gb  stm8s_tim2.o [1]
TIM2_ITConfig           0x00826d   0x54  Code  Gb  stm8s_tim2.o [1]
TIM2_SetCounter         0x008709    0x9  Code  Gb  stm8s_tim2.o [1]
TIM2_TimeBaseInit       0x0086e9    0xc  Code  Gb  stm8s_tim2.o [1]
TIM2_UPD_OVF_BRK_IRQHandler
                        0x008606   0x1f  Code  Gb  stm8s_it.o [1]
TIM4_ClearFlag          0x008574   0x24  Code  Gb  stm8s_tim4.o [1]
TIM4_ClearITPendingBit  0x008598   0x24  Code  Gb  stm8s_tim4.o [1]
TIM4_Cmd                0x00851d   0x2f  Code  Gb  stm8s_tim4.o [1]
TIM4_Config             0x008676   0x17  Code  Gb  main.o [1]
TIM4_ITConfig           0x008312   0x50  Code  Gb  stm8s_tim4.o [1]
TIM4_SetCounter         0x008730    0x4  Code  Gb  stm8s_tim4.o [1]
TIM4_Start              0x008700    0x9  Code  Gb  main.o [1]
TIM4_TimeBaseInit       0x0082c1   0x51  Code  Gb  stm8s_tim4.o [1]
TIM4_UPD_OVF_IRQHandler
                        0x008362   0x4f  Code  Gb  stm8s_it.o [1]
TIM4_UPD_OVF_IRQHandler::ticks
                        0x00000c    0x4  Data  Lc  stm8s_it.o [1]
TLI_IRQHandler          0x008743    0x1  Code  Gb  stm8s_it.o [1]
TRAP_IRQHandler         0x008742    0x1  Code  Gb  stm8s_it.o [1]
UART1_RX_IRQHandler     0x008750    0x1  Code  Gb  stm8s_it.o [1]
UART1_TX_IRQHandler     0x00874f    0x1  Code  Gb  stm8s_it.o [1]
__DebugBreak            0x008754    0x1  Code  Gb  __dbg_break.o [3]
__exit                  0x0086a1   0x14  Code  Gb  __dbg_xxexit.o [3]
__iar_data_init2        0x00868d   0x14  Code  Gb  init.o [4]
__iar_program_start     0x0086b5         Code  Gb  cstartup.o [4]
__iar_unhandled_exception
                        0x00873d         Code  Gb  unhandled_exception.o [4]
__iar_zero_init2        0x008625         Code  Gb  init_small.o [4]
__intvec                0x008000         Data  Gb  interrupt.o [4]
__low_level_init        0x008737    0x3  Code  Gb  low_level_init.o [4]
_exit                   0x008727         Code  Gb  cexit.o [4]
_interrupt_1            0x008742         Code  Gb  stm8s_it.o [1]
_interrupt_12           0x00874b         Code  Gb  stm8s_it.o [1]
_interrupt_13           0x00874c         Code  Gb  stm8s_it.o [1]
_interrupt_14           0x00874d         Code  Gb  stm8s_it.o [1]
_interrupt_15           0x008606         Code  Gb  stm8s_it.o [1]
_interrupt_16           0x00874e         Code  Gb  stm8s_it.o [1]
_interrupt_19           0x00874f         Code  Gb  stm8s_it.o [1]
_interrupt_2            0x008743         Code  Gb  stm8s_it.o [1]
_interrupt_20           0x008750         Code  Gb  stm8s_it.o [1]
_interrupt_21           0x008751         Code  Gb  stm8s_it.o [1]
_interrupt_24           0x008752         Code  Gb  stm8s_it.o [1]
_interrupt_25           0x008362         Code  Gb  stm8s_it.o [1]
_interrupt_26           0x008753         Code  Gb  stm8s_it.o [1]
_interrupt_3            0x008744         Code  Gb  stm8s_it.o [1]
_interrupt_4            0x008745         Code  Gb  stm8s_it.o [1]
_interrupt_5            0x008746         Code  Gb  stm8s_it.o [1]
_interrupt_6            0x008747         Code  Gb  stm8s_it.o [1]
_interrupt_7            0x008748         Code  Gb  stm8s_it.o [1]
_interrupt_8            0x008749         Code  Gb  stm8s_it.o [1]
_interrupt_9            0x00874a         Code  Gb  stm8s_it.o [1]
_msCounter              0x000010    0x2  Data  Gb  main.o [1]
assert_failed           0x008740    0x2  Code  Gb  main.o [1]
exit                    0x00873a    0x3  Code  Gb  exit.o [4]
main                    0x0083b1   0x4e  Code  Gb  main.o [1]


[1] = D:\STM8_CODE\clean_eyes\Debug\Obj
[2] = command line
[3] = dbgstm8smd.a
[4] = dlstm8smn.a

  1 549 bytes of readonly  code memory
    328 bytes of readonly  data memory
    274 bytes of readwrite data memory

Errors: none
Warnings: none
