###############################################################################
#
# IAR ELF Linker V3.10.1.201 for STM8                     11/Apr/2024  18:22:49
# Copyright 2010-2017 IAR Systems AB.
#
#    Output file  =  D:\STM8_CODE\clean_eyes\Debug\Exe\clean_eyes.out
#    Map file     =  D:\STM8_CODE\clean_eyes\Debug\List\clean_eyes.map
#    Command line =  
#        -f C:\Users\zhangqi\AppData\Local\Temp\EWB07A.tmp
#        (D:\STM8_CODE\clean_eyes\Debug\Obj\main.o
#        D:\STM8_CODE\clean_eyes\Debug\Obj\stm8s_adc1.o
#        D:\STM8_CODE\clean_eyes\Debug\Obj\stm8s_gpio.o
#        D:\STM8_CODE\clean_eyes\Debug\Obj\stm8s_it.o
#        D:\STM8_CODE\clean_eyes\Debug\Obj\stm8s_tim2.o
#        D:\STM8_CODE\clean_eyes\Debug\Obj\stm8s_tim4.o --redirect
#        _Printf=_PrintfSmall --redirect _Scanf=_ScanfSmall -o
#        D:\STM8_CODE\clean_eyes\Debug\Exe\clean_eyes.out --map
#        D:\STM8_CODE\clean_eyes\Debug\List\clean_eyes.map --config "C:\Program
#        Files (x86)\IAR Systems\Embedded Workbench
#        8.0\stm8\config\lnkstm8s003f3.icf" --config_def _CSTACK_SIZE=0x100
#        --config_def _HEAP_SIZE=0x100 --entry __iar_program_start --debug_lib)
#
###############################################################################

*******************************************************************************
*** RUNTIME MODEL ATTRIBUTES
***

__SystemLibrary            = DLib
__code_model               = small
__core                     = stm8
__data_model               = medium
__dlib_file_descriptor     = 0
__dlib_full_locale_support = 0
__rt_version               = 4


*******************************************************************************
*** PLACEMENT SUMMARY
***

"A0":  place at start of [0x000000-0x0000ff] { rw section .vregs };
"A1":  place at end of [0x000000-0x0003ff] { block CSTACK };
"P2":  place in [from 0x000000 to 0x0003ff] {
          block HEAP, rw section __DLIB_PERTHREAD, rw section .far.bss,
          rw section .far.data, rw section .far.noinit,
          rw section .far_func.textrw, rw section .huge.bss,
          rw section .huge.data, rw section .huge.noinit,
          rw section .huge_func.textrw, rw section .iar.dynexit,
          rw section .near.bss, rw section .near.data, rw section .near.noinit,
          rw section .near_func.textrw };
"A2":  place at start of [0x008000-0x009fff] { block INTVEC };
"P3":  place in [from 0x008000 to 0x009fff] {
          ro section __DLIB_PERTHREAD_init, ro section .far.data_init,
          ro section .far_func.textrw_init, ro section .huge.data_init,
          ro section .huge_func.textrw_init, ro section .iar.init_table,
          ro section .init_array, ro section .near.data_init,
          ro section .near.rodata, ro section .near_func.text,
          ro section .near_func.textrw_init, ro section .tiny.data_init,
          ro section .tiny.rodata_init };
"P4":  place in [from 0x008000 to 0x009fff] {
          ro section .far.rodata, ro section .far_func.text };
"P5":  place in [from 0x008000 to 0x009fff] {
          ro section .huge.rodata, ro section .huge_func.text };
do not initialize {
   rw section .eeprom.noinit, rw section .far.noinit, rw section .huge.noinit,
   rw section .near.noinit, rw section .tiny.noinit, rw section .vregs };

  Section          Kind      Address   Size  Object
  -------          ----      -------   ----  ------
"A0":                                  0x10
  .vregs           uninit   0x000000   0x10  vregs.o [4]
                          - 0x000010   0x10

"P2":                                   0xc
  .near.bss        zero     0x000010    0x4  main.o [1]
  .near.bss        zero     0x000014    0x4  stm8s_it.o [1]
  .near.bss        zero     0x000018    0x2  main.o [1]
  .near.bss        zero     0x00001a    0x2  main.o [1]
                          - 0x00001c    0xc

"A1":                                 0x100
  CSTACK                    0x000300  0x100  <Block>
    CSTACK         uninit   0x000300  0x100  <Block tail>
                          - 0x000400  0x100

"A2":                                  0x80
  INTVEC                    0x008000   0x80  <Block>
    .intvec        const    0x008000   0x80  interrupt.o [4]
                          - 0x008080   0x80

"P3-P5":                              0xf50
  .near_func.text  ro code  0x008080  0x25e  float.o [4]
  .near_func.text  ro code  0x0082de  0x19a  stm8s_adc1.o [1]
  .near_func.text  ro code  0x008478  0x110  stm8s_gpio.o [1]
  .near_func.text  ro code  0x008588   0xfc  stm8s_adc1.o [1]
  .near_func.text  ro code  0x008684   0xbe  stm8s_adc1.o [1]
  .near_func.text  ro code  0x008742   0xb7  stm8s_adc1.o [1]
  .near_func.text  ro code  0x0087f9   0xa4  vreg_util.o [4]
  .near_func.text  ro code  0x00889d   0x59  stm8s_adc1.o [1]
  .near_func.text  ro code  0x0088f6   0x59  stm8s_tim2.o [1]
  .near_func.text  ro code  0x00894f   0x55  stm8s_adc1.o [1]
  .near_func.text  ro code  0x0089a4   0x55  stm8s_adc1.o [1]
  .near_func.text  ro code  0x0089f9   0x54  main.o [1]
  .near_func.text  ro code  0x008a4d   0x54  stm8s_tim2.o [1]
  .near_func.text  ro code  0x008aa1   0x51  stm8s_tim4.o [1]
  .near_func.text  ro code  0x008af2   0x50  stm8s_it.o [1]
  .near_func.text  ro code  0x008b42   0x50  stm8s_tim4.o [1]
  .near.rodata     const    0x008b92   0x40  stm8s_adc1.o [1]
  .near.rodata     const    0x008bd2   0x40  stm8s_gpio.o [1]
  .near.rodata     const    0x008c12   0x40  stm8s_tim2.o [1]
  .near.rodata     const    0x008c52   0x40  stm8s_tim4.o [1]
  .near_func.text  ro code  0x008c92   0x31  stm8s_adc1.o [1]
  .near_func.text  ro code  0x008cc3   0x2f  stm8s_tim2.o [1]
  .near_func.text  ro code  0x008cf2   0x2f  stm8s_tim2.o [1]
  .near_func.text  ro code  0x008d21   0x2f  stm8s_tim4.o [1]
  .near_func.text  ro code  0x008d50   0x28  stm8s_tim2.o [1]
  .near_func.text  ro code  0x008d78   0x26  stm8s_it.o [1]
  .near_func.text  ro code  0x008d9e   0x26  long_util.o [4]
  .near_func.text  ro code  0x008dc4   0x24  main.o [1]
  .near_func.text  ro code  0x008de8   0x24  stm8s_tim4.o [1]
  .near_func.text  ro code  0x008e0c   0x24  stm8s_tim4.o [1]
  .iar.init_table  const    0x008e30    0x8  - Linker created -
  .near_func.text  ro code  0x008e38   0x20  main.o [1]
  .near_func.text  ro code  0x008e58   0x1f  stm8s_it.o [1]
  .near_func.text  ro code  0x008e77   0x1e  init_small.o [4]
  .near_func.text  ro code  0x008e95   0x1b  main.o [1]
  .near_func.text  ro code  0x008eb0   0x1b  dc_util.o [4]
  .near_func.text  ro code  0x008ecb   0x1a  short.o [4]
  .near_func.text  ro code  0x008ee5   0x19  main.o [1]
  .near_func.text  ro code  0x008efe   0x17  main.o [1]
  .near_func.text  ro code  0x008f15   0x14  init.o [4]
  .near_func.text  ro code  0x008f29   0x14  __dbg_xxexit.o [3]
  .near_func.text  ro code  0x008f3d   0x13  cstartup.o [4]
  .near_func.text  ro code  0x008f50   0x13  long.o [4]
  .near_func.text  ro code  0x008f63    0xf  main.o [1]
  .near_func.text  ro code  0x008f72    0xc  stm8s_tim2.o [1]
  .near_func.text  ro code  0x008f7e    0x9  main.o [1]
  .near_func.text  ro code  0x008f87    0x9  stm8s_tim2.o [1]
  .near_func.text  ro code  0x008f90    0x7  stm8s_gpio.o [1]
  .near_func.text  ro code  0x008f97    0x7  stm8s_gpio.o [1]
  .near_func.text  ro code  0x008f9e    0x5  stm8s_adc1.o [1]
  .near_func.text  ro code  0x008fa3    0x5  cexit.o [4]
  .near_func.text  ro code  0x008fa8    0x4  stm8s_gpio.o [1]
  .near_func.text  ro code  0x008fac    0x4  stm8s_tim4.o [1]
  .near_func.text  ro code  0x008fb0    0x3  interrupt.o [4]
  .near_func.text  ro code  0x008fb3    0x3  low_level_init.o [4]
  .near_func.text  ro code  0x008fb6    0x3  exit.o [4]
  .near_func.text  ro code  0x008fb9    0x3  unhandled_exception.o [4]
  .near_func.text  ro code  0x008fbc    0x2  main.o [1]
  .near_func.text  ro code  0x008fbe    0x1  stm8s_it.o [1]
  .near_func.text  ro code  0x008fbf    0x1  stm8s_it.o [1]
  .near_func.text  ro code  0x008fc0    0x1  stm8s_it.o [1]
  .near_func.text  ro code  0x008fc1    0x1  stm8s_it.o [1]
  .near_func.text  ro code  0x008fc2    0x1  stm8s_it.o [1]
  .near_func.text  ro code  0x008fc3    0x1  stm8s_it.o [1]
  .near_func.text  ro code  0x008fc4    0x1  stm8s_it.o [1]
  .near_func.text  ro code  0x008fc5    0x1  stm8s_it.o [1]
  .near_func.text  ro code  0x008fc6    0x1  stm8s_it.o [1]
  .near_func.text  ro code  0x008fc7    0x1  stm8s_it.o [1]
  .near_func.text  ro code  0x008fc8    0x1  stm8s_it.o [1]
  .near_func.text  ro code  0x008fc9    0x1  stm8s_it.o [1]
  .near_func.text  ro code  0x008fca    0x1  stm8s_it.o [1]
  .near_func.text  ro code  0x008fcb    0x1  stm8s_it.o [1]
  .near_func.text  ro code  0x008fcc    0x1  stm8s_it.o [1]
  .near_func.text  ro code  0x008fcd    0x1  stm8s_it.o [1]
  .near_func.text  ro code  0x008fce    0x1  stm8s_it.o [1]
  .near_func.text  ro code  0x008fcf    0x1  __dbg_break.o [3]
                          - 0x008fd0  0xf50


*******************************************************************************
*** INIT TABLE
***

          Address   Size
          -------   ----
Zero (__iar_zero_init2)
    1 destination range, total size 0xc:
          0x000010   0xc



*******************************************************************************
*** MODULE SUMMARY
***

    Module                 ro code  ro data  rw data
    ------                 -------  -------  -------
D:\STM8_CODE\clean_eyes\Debug\Obj: [1]
    main.o                     253                 8
    stm8s_adc1.o             1 348       64
    stm8s_gpio.o               290       64
    stm8s_it.o                 166                 4
    stm8s_tim2.o               328       64
    stm8s_tim4.o               284       64
    ------------------------------------------------
    Total:                   2 669      256       12

command line: [2]
    ------------------------------------------------
    Total:

dbgstm8smd.a: [3]
    __dbg_break.o                1
    __dbg_xxexit.o              20
    ------------------------------------------------
    Total:                      21

dlstm8smn.a: [4]
    cexit.o                      5
    cstartup.o                  19
    dc_util.o                   27
    exit.o                       3
    float.o                    606
    init.o                      20
    init_small.o                30
    interrupt.o                  3      128
    long.o                      19
    long_util.o                 38
    low_level_init.o             3
    short.o                     26
    unhandled_exception.o        3
    vreg_util.o                164
    vregs.o                                       16
    ------------------------------------------------
    Total:                     966      128       16

    Linker created                        8      256
----------------------------------------------------
    Grand Total:             3 656      392      284


*******************************************************************************
*** ENTRY LIST
***

Entry                    Address   Size  Type      Object
-----                    -------   ----  ----      ------
.iar.init_table$$Base   0x008e30          --   Gb  - Linker created -
.iar.init_table$$Limit  0x008e38          --   Gb  - Linker created -
?and16_x_x_dw           0x008ecb         Code  Gb  short.o [4]
?and16_x_x_w0           0x008ece         Code  Gb  short.o [4]
?b0                     0x000000         Data  Gb  vregs.o [4]
?b1                     0x000001         Data  Gb  vregs.o [4]
?b10                    0x00000a         Data  Gb  vregs.o [4]
?b11                    0x00000b         Data  Gb  vregs.o [4]
?b12                    0x00000c         Data  Gb  vregs.o [4]
?b13                    0x00000d         Data  Gb  vregs.o [4]
?b14                    0x00000e         Data  Gb  vregs.o [4]
?b15                    0x00000f         Data  Gb  vregs.o [4]
?b2                     0x000002         Data  Gb  vregs.o [4]
?b3                     0x000003         Data  Gb  vregs.o [4]
?b4                     0x000004         Data  Gb  vregs.o [4]
?b5                     0x000005         Data  Gb  vregs.o [4]
?b6                     0x000006         Data  Gb  vregs.o [4]
?b7                     0x000007         Data  Gb  vregs.o [4]
?b8                     0x000008         Data  Gb  vregs.o [4]
?b9                     0x000009         Data  Gb  vregs.o [4]
?dc16_w0                0x008eb0         Code  Gb  dc_util.o [4]
?dc32_l1                0x008ebe         Code  Gb  dc_util.o [4]
?e0                     0x000001         Data  Gb  vregs.o [4]
?e1                     0x000005         Data  Gb  vregs.o [4]
?e2                     0x000009         Data  Gb  vregs.o [4]
?e3                     0x00000d         Data  Gb  vregs.o [4]
?epilogue_l2            0x008888         Code  Gb  vreg_util.o [4]
?epilogue_l2_l3         0x008885         Code  Gb  vreg_util.o [4]
?epilogue_w4            0x00888c         Code  Gb  vreg_util.o [4]
?fcastf32u16_l0_x       0x0081d3         Code  Gb  float.o [4]
?fdiv32_l0_l0_dc32      0x008120         Code  Gb  float.o [4]
?fdiv32_l0_l0_l1        0x008125         Code  Gb  float.o [4]
?fmul32_l0_l0_dc32      0x008080         Code  Gb  float.o [4]
?fmul32_l0_l0_l1        0x008085         Code  Gb  float.o [4]
?inc32_0x_0x            0x008f55         Code  Gb  long.o [4]
?inc32_l0_l0            0x008f50         Code  Gb  long.o [4]
?l0                     0x000000         Data  Gb  vregs.o [4]
?l1                     0x000004         Data  Gb  vregs.o [4]
?l2                     0x000008         Data  Gb  vregs.o [4]
?l3                     0x00000c         Data  Gb  vregs.o [4]
?load32_0x_l0           0x008db6         Code  Gb  long_util.o [4]
?load32_l0_0x           0x008d9e         Code  Gb  long_util.o [4]
?load32_l1_0x           0x008daa         Code  Gb  long_util.o [4]
?mov_e0_e1              0x008893         Code  Gb  vreg_util.o [4]
?mov_l0_l1              0x008890         Code  Gb  vreg_util.o [4]
?mov_w1_w3              0x008896         Code  Gb  vreg_util.o [4]
?pop_l0                 0x008851         Code  Gb  vreg_util.o [4]
?pop_l1                 0x00885c         Code  Gb  vreg_util.o [4]
?pop_l2                 0x008867         Code  Gb  vreg_util.o [4]
?pop_l3                 0x008872         Code  Gb  vreg_util.o [4]
?pop_w4                 0x008811         Code  Gb  vreg_util.o [4]
?push_l0                0x008820         Code  Gb  vreg_util.o [4]
?push_l1                0x008825         Code  Gb  vreg_util.o [4]
?push_l2                0x00882a         Code  Gb  vreg_util.o [4]
?push_l3                0x00882f         Code  Gb  vreg_util.o [4]
?push_w4                0x0087f9         Code  Gb  vreg_util.o [4]
?sll16_x_x_4            0x008ee0         Code  Gb  short.o [4]
?sll16_x_x_5            0x008edf         Code  Gb  short.o [4]
?sll16_x_x_6            0x008ede         Code  Gb  short.o [4]
?sll16_x_x_a            0x008ed6         Code  Gb  short.o [4]
?w0                     0x000000         Data  Gb  vregs.o [4]
?w1                     0x000002         Data  Gb  vregs.o [4]
?w2                     0x000004         Data  Gb  vregs.o [4]
?w3                     0x000006         Data  Gb  vregs.o [4]
?w4                     0x000008         Data  Gb  vregs.o [4]
?w5                     0x00000a         Data  Gb  vregs.o [4]
?w6                     0x00000c         Data  Gb  vregs.o [4]
?w7                     0x00000e         Data  Gb  vregs.o [4]
ADC1_ConversionConfig   0x008684   0xbe  Code  Gb  stm8s_adc1.o [1]
ADC1_DeInit             0x008c92   0x31  Code  Gb  stm8s_adc1.o [1]
ADC1_ExternalTriggerConfig
                        0x00889d   0x59  Code  Gb  stm8s_adc1.o [1]
ADC1_GetConversionValue
                        0x0089a4   0x55  Code  Gb  stm8s_adc1.o [1]
ADC1_GetFlagStatus      0x008742   0xb7  Code  Gb  stm8s_adc1.o [1]
ADC1_IRQHandler         0x008fcd    0x1  Code  Gb  stm8s_it.o [1]
ADC1_Init               0x0082de  0x19a  Code  Gb  stm8s_adc1.o [1]
ADC1_PrescalerConfig    0x00894f   0x55  Code  Gb  stm8s_adc1.o [1]
ADC1_SchmittTriggerConfig
                        0x008588   0xfc  Code  Gb  stm8s_adc1.o [1]
ADC1_StartConversion    0x008f9e    0x5  Code  Gb  stm8s_adc1.o [1]
ADC_Init                0x008e95   0x1b  Code  Gb  main.o [1]
AWU_IRQHandler          0x008fc0    0x1  Code  Gb  stm8s_it.o [1]
CLK_IRQHandler          0x008fc1    0x1  Code  Gb  stm8s_it.o [1]
CSTACK$$Base            0x000300          --   Gb  - Linker created -
CSTACK$$Limit           0x000400          --   Gb  - Linker created -
Delay_ms                0x008e38   0x20  Code  Gb  main.o [1]
EEPROM_EEC_IRQHandler   0x008fce    0x1  Code  Gb  stm8s_it.o [1]
EXTI_PORTA_IRQHandler   0x008fc2    0x1  Code  Gb  stm8s_it.o [1]
EXTI_PORTB_IRQHandler   0x008fc3    0x1  Code  Gb  stm8s_it.o [1]
EXTI_PORTC_IRQHandler   0x008d78   0x26  Code  Gb  stm8s_it.o [1]
EXTI_PORTD_IRQHandler   0x008fc4    0x1  Code  Gb  stm8s_it.o [1]
EXTI_PORTE_IRQHandler   0x008fc5    0x1  Code  Gb  stm8s_it.o [1]
GPIO_Config             0x008dc4   0x24  Code  Gb  main.o [1]
GPIO_Init               0x008478  0x110  Code  Gb  stm8s_gpio.o [1]
GPIO_WriteHigh          0x008f90    0x7  Code  Gb  stm8s_gpio.o [1]
GPIO_WriteLow           0x008fa8    0x4  Code  Gb  stm8s_gpio.o [1]
GPIO_WriteReverse       0x008f97    0x7  Code  Gb  stm8s_gpio.o [1]
I2C_IRQHandler          0x008fcc    0x1  Code  Gb  stm8s_it.o [1]
INTVEC$$Base            0x008000          --   Gb  - Linker created -
INTVEC$$Limit           0x008080          --   Gb  - Linker created -
Read_ADC                0x008f63    0xf  Code  Gb  main.o [1]
Region$$Table$$Base     0x008e30          --   Gb  - Linker created -
Region$$Table$$Limit    0x008e38          --   Gb  - Linker created -
SPI_IRQHandler          0x008fc6    0x1  Code  Gb  stm8s_it.o [1]
TIM1_CAP_COM_IRQHandler
                        0x008fc8    0x1  Code  Gb  stm8s_it.o [1]
TIM1_UPD_OVF_TRG_BRK_IRQHandler
                        0x008fc7    0x1  Code  Gb  stm8s_it.o [1]
TIM2_CAP_COM_IRQHandler
                        0x008fc9    0x1  Code  Gb  stm8s_it.o [1]
TIM2_ClearFlag          0x008cf2   0x2f  Code  Gb  stm8s_tim2.o [1]
TIM2_ClearITPendingBit  0x008d50   0x28  Code  Gb  stm8s_tim2.o [1]
TIM2_Cmd                0x008cc3   0x2f  Code  Gb  stm8s_tim2.o [1]
TIM2_ConfigForDelay     0x008ee5   0x19  Code  Gb  main.o [1]
TIM2_DeInit             0x0088f6   0x59  Code  Gb  stm8s_tim2.o [1]
TIM2_ITConfig           0x008a4d   0x54  Code  Gb  stm8s_tim2.o [1]
TIM2_SetCounter         0x008f87    0x9  Code  Gb  stm8s_tim2.o [1]
TIM2_TimeBaseInit       0x008f72    0xc  Code  Gb  stm8s_tim2.o [1]
TIM2_UPD_OVF_BRK_IRQHandler
                        0x008e58   0x1f  Code  Gb  stm8s_it.o [1]
TIM4_ClearFlag          0x008de8   0x24  Code  Gb  stm8s_tim4.o [1]
TIM4_ClearITPendingBit  0x008e0c   0x24  Code  Gb  stm8s_tim4.o [1]
TIM4_Cmd                0x008d21   0x2f  Code  Gb  stm8s_tim4.o [1]
TIM4_Config             0x008efe   0x17  Code  Gb  main.o [1]
TIM4_ITConfig           0x008b42   0x50  Code  Gb  stm8s_tim4.o [1]
TIM4_SetCounter         0x008fac    0x4  Code  Gb  stm8s_tim4.o [1]
TIM4_Start              0x008f7e    0x9  Code  Gb  main.o [1]
TIM4_TimeBaseInit       0x008aa1   0x51  Code  Gb  stm8s_tim4.o [1]
TIM4_UPD_OVF_IRQHandler
                        0x008af2   0x50  Code  Gb  stm8s_it.o [1]
TIM4_UPD_OVF_IRQHandler::ticks
                        0x000014    0x4  Data  Lc  stm8s_it.o [1]
TLI_IRQHandler          0x008fbf    0x1  Code  Gb  stm8s_it.o [1]
TRAP_IRQHandler         0x008fbe    0x1  Code  Gb  stm8s_it.o [1]
UART1_RX_IRQHandler     0x008fcb    0x1  Code  Gb  stm8s_it.o [1]
UART1_TX_IRQHandler     0x008fca    0x1  Code  Gb  stm8s_it.o [1]
__DebugBreak            0x008fcf    0x1  Code  Gb  __dbg_break.o [3]
__exit                  0x008f29   0x14  Code  Gb  __dbg_xxexit.o [3]
__iar_data_init2        0x008f15   0x14  Code  Gb  init.o [4]
__iar_program_start     0x008f3d         Code  Gb  cstartup.o [4]
__iar_unhandled_exception
                        0x008fb9         Code  Gb  unhandled_exception.o [4]
__iar_zero_init2        0x008e77         Code  Gb  init_small.o [4]
__intvec                0x008000         Data  Gb  interrupt.o [4]
__low_level_init        0x008fb3    0x3  Code  Gb  low_level_init.o [4]
_exit                   0x008fa3         Code  Gb  cexit.o [4]
_interrupt_1            0x008fbe         Code  Gb  stm8s_it.o [1]
_interrupt_12           0x008fc6         Code  Gb  stm8s_it.o [1]
_interrupt_13           0x008fc7         Code  Gb  stm8s_it.o [1]
_interrupt_14           0x008fc8         Code  Gb  stm8s_it.o [1]
_interrupt_15           0x008e58         Code  Gb  stm8s_it.o [1]
_interrupt_16           0x008fc9         Code  Gb  stm8s_it.o [1]
_interrupt_19           0x008fca         Code  Gb  stm8s_it.o [1]
_interrupt_2            0x008fbf         Code  Gb  stm8s_it.o [1]
_interrupt_20           0x008fcb         Code  Gb  stm8s_it.o [1]
_interrupt_21           0x008fcc         Code  Gb  stm8s_it.o [1]
_interrupt_24           0x008fcd         Code  Gb  stm8s_it.o [1]
_interrupt_25           0x008af2         Code  Gb  stm8s_it.o [1]
_interrupt_26           0x008fce         Code  Gb  stm8s_it.o [1]
_interrupt_3            0x008fc0         Code  Gb  stm8s_it.o [1]
_interrupt_4            0x008fc1         Code  Gb  stm8s_it.o [1]
_interrupt_5            0x008fc2         Code  Gb  stm8s_it.o [1]
_interrupt_6            0x008fc3         Code  Gb  stm8s_it.o [1]
_interrupt_7            0x008d78         Code  Gb  stm8s_it.o [1]
_interrupt_8            0x008fc4         Code  Gb  stm8s_it.o [1]
_interrupt_9            0x008fc5         Code  Gb  stm8s_it.o [1]
_msCounter              0x000018    0x2  Data  Gb  main.o [1]
adc_value               0x00001a    0x2  Data  Gb  main.o [1]
assert_failed           0x008fbc    0x2  Code  Gb  main.o [1]
exit                    0x008fb6    0x3  Code  Gb  exit.o [4]
main                    0x0089f9   0x54  Code  Gb  main.o [1]
voltage                 0x000010    0x4  Data  Gb  main.o [1]


[1] = D:\STM8_CODE\clean_eyes\Debug\Obj
[2] = command line
[3] = dbgstm8smd.a
[4] = dlstm8smn.a

  3 656 bytes of readonly  code memory
    392 bytes of readonly  data memory
    284 bytes of readwrite data memory

Errors: none
Warnings: none
