###############################################################################
#
# IAR ELF Linker V3.10.1.201 for STM8                     17/Apr/2024  18:19:56
# Copyright 2010-2017 IAR Systems AB.
#
#    Output file  =  D:\STM8_CODE\clean_eyes\Debug\Exe\clean_eyes.out
#    Map file     =  D:\STM8_CODE\clean_eyes\Debug\List\clean_eyes.map
#    Command line =  
#        -f C:\Users\zhangqi\AppData\Local\Temp\EWF39A.tmp
#        (D:\STM8_CODE\clean_eyes\Debug\Obj\adc.o
#        D:\STM8_CODE\clean_eyes\Debug\Obj\gpio.o
#        D:\STM8_CODE\clean_eyes\Debug\Obj\main.o
#        D:\STM8_CODE\clean_eyes\Debug\Obj\stm8s_adc1.o
#        D:\STM8_CODE\clean_eyes\Debug\Obj\stm8s_clk.o
#        D:\STM8_CODE\clean_eyes\Debug\Obj\stm8s_exti.o
#        D:\STM8_CODE\clean_eyes\Debug\Obj\stm8s_gpio.o
#        D:\STM8_CODE\clean_eyes\Debug\Obj\stm8s_it.o
#        D:\STM8_CODE\clean_eyes\Debug\Obj\stm8s_iwdg.o
#        D:\STM8_CODE\clean_eyes\Debug\Obj\stm8s_tim1.o
#        D:\STM8_CODE\clean_eyes\Debug\Obj\stm8s_tim2.o
#        D:\STM8_CODE\clean_eyes\Debug\Obj\stm8s_tim4.o
#        D:\STM8_CODE\clean_eyes\Debug\Obj\stm8s_wwdg.o
#        D:\STM8_CODE\clean_eyes\Debug\Obj\sys.o
#        D:\STM8_CODE\clean_eyes\Debug\Obj\tim.o --redirect
#        _Printf=_PrintfSmall --redirect _Scanf=_ScanfSmall -o
#        D:\STM8_CODE\clean_eyes\Debug\Exe\clean_eyes.out --map
#        D:\STM8_CODE\clean_eyes\Debug\List\clean_eyes.map --config "C:\Program
#        Files (x86)\IAR Systems\Embedded Workbench
#        8.0\stm8\config\lnkstm8s003f3.icf" --config_def _CSTACK_SIZE=0x100
#        --config_def _HEAP_SIZE=0x100 --entry __iar_program_start --debug_lib)
#
###############################################################################

*******************************************************************************
*** RUNTIME MODEL ATTRIBUTES
***

__SystemLibrary            = DLib
__code_model               = small
__core                     = stm8
__data_model               = medium
__dlib_file_descriptor     = 0
__dlib_full_locale_support = 0
__rt_version               = 4


*******************************************************************************
*** PLACEMENT SUMMARY
***

"A0":  place at start of [0x000000-0x0000ff] { rw section .vregs };
"A1":  place at end of [0x000000-0x0003ff] { block CSTACK };
"P2":  place in [from 0x000000 to 0x0003ff] {
          block HEAP, rw section __DLIB_PERTHREAD, rw section .far.bss,
          rw section .far.data, rw section .far.noinit,
          rw section .far_func.textrw, rw section .huge.bss,
          rw section .huge.data, rw section .huge.noinit,
          rw section .huge_func.textrw, rw section .iar.dynexit,
          rw section .near.bss, rw section .near.data, rw section .near.noinit,
          rw section .near_func.textrw };
"A2":  place at start of [0x008000-0x009fff] { block INTVEC };
"P3":  place in [from 0x008000 to 0x009fff] {
          ro section __DLIB_PERTHREAD_init, ro section .far.data_init,
          ro section .far_func.textrw_init, ro section .huge.data_init,
          ro section .huge_func.textrw_init, ro section .iar.init_table,
          ro section .init_array, ro section .near.data_init,
          ro section .near.rodata, ro section .near_func.text,
          ro section .near_func.textrw_init, ro section .tiny.data_init,
          ro section .tiny.rodata_init };
"P4":  place in [from 0x008000 to 0x009fff] {
          ro section .far.rodata, ro section .far_func.text };
"P5":  place in [from 0x008000 to 0x009fff] {
          ro section .huge.rodata, ro section .huge_func.text };
do not initialize {
   rw section .eeprom.noinit, rw section .far.noinit, rw section .huge.noinit,
   rw section .near.noinit, rw section .tiny.noinit, rw section .vregs };

  Section          Kind      Address    Size  Object
  -------          ----      -------    ----  ------
"A0":                                   0x10
  .vregs           uninit   0x000000    0x10  vregs.o [4]
                          - 0x000010    0x10

"P2":                                    0xf
  .near.bss        zero     0x000010     0x4  adc.o [1]
  .near.bss        zero     0x000014     0x4  stm8s_it.o [1]
  .near.bss        zero     0x000018     0x2  adc.o [1]
  .near.bss        zero     0x00001a     0x2  sys.o [1]
  .near.bss        zero     0x00001c     0x1  main.o [1]
  .near.bss        zero     0x00001d     0x1  main.o [1]
  .near.bss        zero     0x00001e     0x1  main.o [1]
                          - 0x00001f     0xf

"A1":                                  0x100
  CSTACK                    0x000300   0x100  <Block>
    CSTACK         uninit   0x000300   0x100  <Block tail>
                          - 0x000400   0x100

"A2":                                   0x80
  INTVEC                    0x008000    0x80  <Block>
    .intvec        const    0x008000    0x80  interrupt.o [4]
                          - 0x008080    0x80

"P3-P5":                              0x1782
  .near_func.text  ro code  0x008080   0x25e  float.o [4]
  .near_func.text  ro code  0x0082de   0x19a  stm8s_adc1.o [1]
  .near_func.text  ro code  0x008478   0x12d  stm8s_clk.o [1]
  .near_func.text  ro code  0x0085a5   0x110  stm8s_gpio.o [1]
  .near_func.text  ro code  0x0086b5   0x103  main.o [1]
  .near_func.text  ro code  0x0087b8    0xfc  stm8s_adc1.o [1]
  .near_func.text  ro code  0x0088b4    0xd1  stm8s_exti.o [1]
  .near_func.text  ro code  0x008985    0xc4  vreg_util.o [4]
  .near_func.text  ro code  0x008a49    0xbe  stm8s_adc1.o [1]
  .near_func.text  ro code  0x008b07    0xb7  stm8s_adc1.o [1]
  .near_func.text  ro code  0x008bbe    0xa7  stm8s_clk.o [1]
  .near_func.text  ro code  0x008c65    0x8b  stm8s_clk.o [1]
  .near_func.text  ro code  0x008cf0    0x60  stm8s_tim1.o [1]
  .near_func.text  ro code  0x008d50    0x59  stm8s_adc1.o [1]
  .near_func.text  ro code  0x008da9    0x59  stm8s_tim2.o [1]
  .near_func.text  ro code  0x008e02    0x55  stm8s_adc1.o [1]
  .near_func.text  ro code  0x008e57    0x55  stm8s_adc1.o [1]
  .near_func.text  ro code  0x008eac    0x54  stm8s_tim2.o [1]
  .near_func.text  ro code  0x008f00    0x53  stm8s_it.o [1]
  .near_func.text  ro code  0x008f53    0x51  stm8s_tim4.o [1]
  .near_func.text  ro code  0x008fa4    0x50  stm8s_tim4.o [1]
  .near_func.text  ro code  0x008ff4    0x4e  stm8s_tim1.o [1]
  .near_func.text  ro code  0x009042    0x44  stm8s_iwdg.o [1]
  .near_func.text  ro code  0x009086    0x42  stm8s_it.o [1]
  .near.rodata     const    0x0090c8    0x40  stm8s_adc1.o [1]
  .near.rodata     const    0x009108    0x40  stm8s_exti.o [1]
  .near.rodata     const    0x009148    0x40  stm8s_gpio.o [1]
  .near.rodata     const    0x009188    0x40  stm8s_iwdg.o [1]
  .near.rodata     const    0x0091c8    0x40  stm8s_tim1.o [1]
  .near.rodata     const    0x009208    0x40  stm8s_tim2.o [1]
  .near.rodata     const    0x009248    0x40  stm8s_tim4.o [1]
  .near.rodata     const    0x009288    0x3f  stm8s_clk.o [1]
  .near_func.text  ro code  0x0092c7    0x3d  stm8s_clk.o [1]
  .near_func.text  ro code  0x009304    0x36  stm8s_clk.o [1]
  .near_func.text  ro code  0x00933a    0x35  stm8s_tim1.o [1]
  .near_func.text  ro code  0x00936f    0x31  stm8s_adc1.o [1]
  .near_func.text  ro code  0x0093a0    0x31  long.o [4]
  .near_func.text  ro code  0x0093d1    0x30  gpio.o [1]
  .near_func.text  ro code  0x009401    0x2f  stm8s_adc1.o [1]
  .near_func.text  ro code  0x009430    0x2f  stm8s_clk.o [1]
  .near_func.text  ro code  0x00945f    0x2f  stm8s_tim1.o [1]
  .near_func.text  ro code  0x00948e    0x2f  stm8s_tim2.o [1]
  .near_func.text  ro code  0x0094bd    0x2f  stm8s_tim2.o [1]
  .near_func.text  ro code  0x0094ec    0x2f  stm8s_tim4.o [1]
  .near_func.text  ro code  0x00951b    0x28  stm8s_tim2.o [1]
  .near_func.text  ro code  0x009543    0x26  stm8s_iwdg.o [1]
  .near_func.text  ro code  0x009569    0x26  long_util.o [4]
  .near_func.text  ro code  0x00958f    0x24  stm8s_tim4.o [1]
  .near_func.text  ro code  0x0095b3    0x24  stm8s_tim4.o [1]
  .near_func.text  ro code  0x0095d7    0x22  sys.o [1]
  .iar.init_table  const    0x0095f9     0x8  - Linker created -
  .near_func.text  ro code  0x009601    0x20  sys.o [1]
  .near_func.text  ro code  0x009621    0x1f  stm8s_it.o [1]
  .near_func.text  ro code  0x009640    0x1f  tim.o [1]
  .near_func.text  ro code  0x00965f    0x1e  init_small.o [4]
  .near_func.text  ro code  0x00967d    0x1b  adc.o [1]
  .near_func.text  ro code  0x009698    0x1b  dc_util.o [4]
  .near_func.text  ro code  0x0096b3    0x1a  short.o [4]
  .near_func.text  ro code  0x0096cd    0x19  sys.o [1]
  .near_func.text  ro code  0x0096e6    0x19  tim.o [1]
  .near_func.text  ro code  0x0096ff    0x17  tim.o [1]
  .near_func.text  ro code  0x009716    0x14  init.o [4]
  .near_func.text  ro code  0x00972a    0x14  __dbg_xxexit.o [3]
  .near_func.text  ro code  0x00973e    0x13  cstartup.o [4]
  .near_func.text  ro code  0x009751    0x12  tim.o [1]
  .near_func.text  ro code  0x009763     0xf  adc.o [1]
  .near_func.text  ro code  0x009772     0xe  gpio.o [1]
  .near_func.text  ro code  0x009780     0xc  stm8s_tim2.o [1]
  .near_func.text  ro code  0x00978c     0x9  stm8s_exti.o [1]
  .near_func.text  ro code  0x009795     0x9  stm8s_tim2.o [1]
  .near_func.text  ro code  0x00979e     0x9  tim.o [1]
  .near_func.text  ro code  0x0097a7     0x7  stm8s_gpio.o [1]
  .near_func.text  ro code  0x0097ae     0x7  stm8s_gpio.o [1]
  .near_func.text  ro code  0x0097b5     0x7  stm8s_gpio.o [1]
  .near_func.text  ro code  0x0097bc     0x6  char.o [4]
  .near_func.text  ro code  0x0097c2     0x5  stm8s_adc1.o [1]
  .near_func.text  ro code  0x0097c7     0x5  stm8s_iwdg.o [1]
  .near_func.text  ro code  0x0097cc     0x5  stm8s_iwdg.o [1]
  .near_func.text  ro code  0x0097d1     0x5  cexit.o [4]
  .near_func.text  ro code  0x0097d6     0x4  stm8s_gpio.o [1]
  .near_func.text  ro code  0x0097da     0x4  stm8s_iwdg.o [1]
  .near_func.text  ro code  0x0097de     0x4  stm8s_tim4.o [1]
  .near_func.text  ro code  0x0097e2     0x3  interrupt.o [4]
  .near_func.text  ro code  0x0097e5     0x3  low_level_init.o [4]
  .near_func.text  ro code  0x0097e8     0x3  exit.o [4]
  .near_func.text  ro code  0x0097eb     0x3  unhandled_exception.o [4]
  .near_func.text  ro code  0x0097ee     0x2  main.o [1]
  .near_func.text  ro code  0x0097f0     0x1  stm8s_it.o [1]
  .near_func.text  ro code  0x0097f1     0x1  stm8s_it.o [1]
  .near_func.text  ro code  0x0097f2     0x1  stm8s_it.o [1]
  .near_func.text  ro code  0x0097f3     0x1  stm8s_it.o [1]
  .near_func.text  ro code  0x0097f4     0x1  stm8s_it.o [1]
  .near_func.text  ro code  0x0097f5     0x1  stm8s_it.o [1]
  .near_func.text  ro code  0x0097f6     0x1  stm8s_it.o [1]
  .near_func.text  ro code  0x0097f7     0x1  stm8s_it.o [1]
  .near_func.text  ro code  0x0097f8     0x1  stm8s_it.o [1]
  .near_func.text  ro code  0x0097f9     0x1  stm8s_it.o [1]
  .near_func.text  ro code  0x0097fa     0x1  stm8s_it.o [1]
  .near_func.text  ro code  0x0097fb     0x1  stm8s_it.o [1]
  .near_func.text  ro code  0x0097fc     0x1  stm8s_it.o [1]
  .near_func.text  ro code  0x0097fd     0x1  stm8s_it.o [1]
  .near_func.text  ro code  0x0097fe     0x1  stm8s_it.o [1]
  .near_func.text  ro code  0x0097ff     0x1  stm8s_it.o [1]
  .near_func.text  ro code  0x009800     0x1  stm8s_it.o [1]
  .near_func.text  ro code  0x009801     0x1  __dbg_break.o [3]
                          - 0x009802  0x1782


*******************************************************************************
*** INIT TABLE
***

          Address   Size
          -------   ----
Zero (__iar_zero_init2)
    1 destination range, total size 0xf:
          0x000010   0xf



*******************************************************************************
*** MODULE SUMMARY
***

    Module                 ro code  ro data  rw data
    ------                 -------  -------  -------
D:\STM8_CODE\clean_eyes\Debug\Obj: [1]
    adc.o                       42                 6
    gpio.o                      62
    main.o                     261                 3
    stm8s_adc1.o             1 395       64
    stm8s_clk.o                769       63
    stm8s_exti.o               218       64
    stm8s_gpio.o               297       64
    stm8s_it.o                 197                 4
    stm8s_iwdg.o               120       64
    stm8s_tim1.o               274       64
    stm8s_tim2.o               328       64
    stm8s_tim4.o               284       64
    sys.o                       91                 2
    tim.o                      106
    ------------------------------------------------
    Total:                   4 444      511       15

command line: [2]
    ------------------------------------------------
    Total:

dbgstm8smd.a: [3]
    __dbg_break.o                1
    __dbg_xxexit.o              20
    ------------------------------------------------
    Total:                      21

dlstm8smn.a: [4]
    cexit.o                      5
    char.o                       6
    cstartup.o                  19
    dc_util.o                   27
    exit.o                       3
    float.o                    606
    init.o                      20
    init_small.o                30
    interrupt.o                  3      128
    long.o                      49
    long_util.o                 38
    low_level_init.o             3
    short.o                     26
    unhandled_exception.o        3
    vreg_util.o                196
    vregs.o                                       16
    ------------------------------------------------
    Total:                   1 034      128       16

    Linker created                        8      256
----------------------------------------------------
    Grand Total:             5 499      647      287


*******************************************************************************
*** ENTRY LIST
***

Entry                    Address   Size  Type      Object
-----                    -------   ----  ----      ------
.iar.init_table$$Base   0x0095f9          --   Gb  - Linker created -
.iar.init_table$$Limit  0x009601          --   Gb  - Linker created -
?and16_x_x_dw           0x0096b3         Code  Gb  short.o [4]
?and16_x_x_w0           0x0096b6         Code  Gb  short.o [4]
?b0                     0x000000         Data  Gb  vregs.o [4]
?b1                     0x000001         Data  Gb  vregs.o [4]
?b10                    0x00000a         Data  Gb  vregs.o [4]
?b11                    0x00000b         Data  Gb  vregs.o [4]
?b12                    0x00000c         Data  Gb  vregs.o [4]
?b13                    0x00000d         Data  Gb  vregs.o [4]
?b14                    0x00000e         Data  Gb  vregs.o [4]
?b15                    0x00000f         Data  Gb  vregs.o [4]
?b2                     0x000002         Data  Gb  vregs.o [4]
?b3                     0x000003         Data  Gb  vregs.o [4]
?b4                     0x000004         Data  Gb  vregs.o [4]
?b5                     0x000005         Data  Gb  vregs.o [4]
?b6                     0x000006         Data  Gb  vregs.o [4]
?b7                     0x000007         Data  Gb  vregs.o [4]
?b8                     0x000008         Data  Gb  vregs.o [4]
?b9                     0x000009         Data  Gb  vregs.o [4]
?dc16_w0                0x009698         Code  Gb  dc_util.o [4]
?dc32_l1                0x0096a6         Code  Gb  dc_util.o [4]
?dec32_0x_0x            0x0093bd         Code  Gb  long.o [4]
?dec32_l0_l0            0x0093b3         Code  Gb  long.o [4]
?dec32_l1_l1            0x0093b8         Code  Gb  long.o [4]
?e0                     0x000001         Data  Gb  vregs.o [4]
?e1                     0x000005         Data  Gb  vregs.o [4]
?e2                     0x000009         Data  Gb  vregs.o [4]
?e3                     0x00000d         Data  Gb  vregs.o [4]
?epilogue_l2            0x008a20         Code  Gb  vreg_util.o [4]
?epilogue_l2_l3         0x008a1d         Code  Gb  vreg_util.o [4]
?epilogue_l2_w6         0x008a24         Code  Gb  vreg_util.o [4]
?epilogue_w4            0x008a2b         Code  Gb  vreg_util.o [4]
?fcastf32u16_l0_x       0x0081d3         Code  Gb  float.o [4]
?fdiv32_l0_l0_dc32      0x008120         Code  Gb  float.o [4]
?fdiv32_l0_l0_l1        0x008125         Code  Gb  float.o [4]
?fmul32_l0_l0_dc32      0x008080         Code  Gb  float.o [4]
?fmul32_l0_l0_l1        0x008085         Code  Gb  float.o [4]
?inc32_0x_0x            0x0093a5         Code  Gb  long.o [4]
?inc32_l0_l0            0x0093a0         Code  Gb  long.o [4]
?l0                     0x000000         Data  Gb  vregs.o [4]
?l1                     0x000004         Data  Gb  vregs.o [4]
?l2                     0x000008         Data  Gb  vregs.o [4]
?l3                     0x00000c         Data  Gb  vregs.o [4]
?load32_0x_l0           0x009581         Code  Gb  long_util.o [4]
?load32_l0_0x           0x009569         Code  Gb  long_util.o [4]
?load32_l1_0x           0x009575         Code  Gb  long_util.o [4]
?mov_e0_e1              0x008a32         Code  Gb  vreg_util.o [4]
?mov_e1_e0              0x008a3f         Code  Gb  vreg_util.o [4]
?mov_l0_l1              0x008a2f         Code  Gb  vreg_util.o [4]
?mov_l1_l0              0x008a3c         Code  Gb  vreg_util.o [4]
?mov_w1_w3              0x008a35         Code  Gb  vreg_util.o [4]
?mov_w3_w1              0x008a42         Code  Gb  vreg_util.o [4]
?pop_l0                 0x0089e9         Code  Gb  vreg_util.o [4]
?pop_l1                 0x0089f4         Code  Gb  vreg_util.o [4]
?pop_l2                 0x0089ff         Code  Gb  vreg_util.o [4]
?pop_l3                 0x008a0a         Code  Gb  vreg_util.o [4]
?pop_w4                 0x0089a2         Code  Gb  vreg_util.o [4]
?pop_w6                 0x0089a9         Code  Gb  vreg_util.o [4]
?push_l0                0x0089b8         Code  Gb  vreg_util.o [4]
?push_l1                0x0089bd         Code  Gb  vreg_util.o [4]
?push_l2                0x0089c2         Code  Gb  vreg_util.o [4]
?push_l3                0x0089c7         Code  Gb  vreg_util.o [4]
?push_w4                0x008985         Code  Gb  vreg_util.o [4]
?push_w6                0x00898a         Code  Gb  vreg_util.o [4]
?sll16_x_x_4            0x0096c8         Code  Gb  short.o [4]
?sll16_x_x_5            0x0096c7         Code  Gb  short.o [4]
?sll16_x_x_6            0x0096c6         Code  Gb  short.o [4]
?sll16_x_x_a            0x0096be         Code  Gb  short.o [4]
?sll8_a_a_5             0x0097bd         Code  Gb  char.o [4]
?sll8_a_a_6             0x0097bc         Code  Gb  char.o [4]
?w0                     0x000000         Data  Gb  vregs.o [4]
?w1                     0x000002         Data  Gb  vregs.o [4]
?w2                     0x000004         Data  Gb  vregs.o [4]
?w3                     0x000006         Data  Gb  vregs.o [4]
?w4                     0x000008         Data  Gb  vregs.o [4]
?w5                     0x00000a         Data  Gb  vregs.o [4]
?w6                     0x00000c         Data  Gb  vregs.o [4]
?w7                     0x00000e         Data  Gb  vregs.o [4]
ADC1_Cmd                0x009401   0x2f  Code  Gb  stm8s_adc1.o [1]
ADC1_ConversionConfig   0x008a49   0xbe  Code  Gb  stm8s_adc1.o [1]
ADC1_DeInit             0x00936f   0x31  Code  Gb  stm8s_adc1.o [1]
ADC1_ExternalTriggerConfig
                        0x008d50   0x59  Code  Gb  stm8s_adc1.o [1]
ADC1_GetConversionValue
                        0x008e57   0x55  Code  Gb  stm8s_adc1.o [1]
ADC1_GetFlagStatus      0x008b07   0xb7  Code  Gb  stm8s_adc1.o [1]
ADC1_IRQHandler         0x0097ff    0x1  Code  Gb  stm8s_it.o [1]
ADC1_Init               0x0082de  0x19a  Code  Gb  stm8s_adc1.o [1]
ADC1_PrescalerConfig    0x008e02   0x55  Code  Gb  stm8s_adc1.o [1]
ADC1_SchmittTriggerConfig
                        0x0087b8   0xfc  Code  Gb  stm8s_adc1.o [1]
ADC1_StartConversion    0x0097c2    0x5  Code  Gb  stm8s_adc1.o [1]
ADC_Init                0x00967d   0x1b  Code  Gb  adc.o [1]
AWU_IRQHandler          0x0097f2    0x1  Code  Gb  stm8s_it.o [1]
CLK_ClockSwitchConfig   0x008478  0x12d  Code  Gb  stm8s_clk.o [1]
CLK_DeInit              0x009304   0x36  Code  Gb  stm8s_clk.o [1]
CLK_GetFlagStatus       0x008bbe   0xa7  Code  Gb  stm8s_clk.o [1]
CLK_HSICmd              0x009430   0x2f  Code  Gb  stm8s_clk.o [1]
CLK_HSIPrescalerConfig  0x0092c7   0x3d  Code  Gb  stm8s_clk.o [1]
CLK_IRQHandler          0x0097f3    0x1  Code  Gb  stm8s_it.o [1]
CLK_SYSCLKConfig        0x008c65   0x8b  Code  Gb  stm8s_clk.o [1]
CSTACK$$Base            0x000300          --   Gb  - Linker created -
CSTACK$$Limit           0x000400          --   Gb  - Linker created -
Delay_ms                0x009601   0x20  Code  Gb  sys.o [1]
EEPROM_EEC_IRQHandler   0x009800    0x1  Code  Gb  stm8s_it.o [1]
EXTI_DeInit             0x00978c    0x9  Code  Gb  stm8s_exti.o [1]
EXTI_PORTA_IRQHandler   0x0097f4    0x1  Code  Gb  stm8s_it.o [1]
EXTI_PORTB_IRQHandler   0x0097f5    0x1  Code  Gb  stm8s_it.o [1]
EXTI_PORTC_IRQHandler   0x009086   0x42  Code  Gb  stm8s_it.o [1]
EXTI_PORTD_IRQHandler   0x0097f6    0x1  Code  Gb  stm8s_it.o [1]
EXTI_PORTE_IRQHandler   0x0097f7    0x1  Code  Gb  stm8s_it.o [1]
EXTI_SetExtIntSensitivity
                        0x0088b4   0xd1  Code  Gb  stm8s_exti.o [1]
GPIO_Config             0x0093d1   0x30  Code  Gb  gpio.o [1]
GPIO_EXTI_Config        0x009772    0xe  Code  Gb  gpio.o [1]
GPIO_Init               0x0085a5  0x110  Code  Gb  stm8s_gpio.o [1]
GPIO_ReadInputPin       0x0097b5    0x7  Code  Gb  stm8s_gpio.o [1]
GPIO_WriteHigh          0x0097a7    0x7  Code  Gb  stm8s_gpio.o [1]
GPIO_WriteLow           0x0097d6    0x4  Code  Gb  stm8s_gpio.o [1]
GPIO_WriteReverse       0x0097ae    0x7  Code  Gb  stm8s_gpio.o [1]
I2C_IRQHandler          0x0097fe    0x1  Code  Gb  stm8s_it.o [1]
INTVEC$$Base            0x008000          --   Gb  - Linker created -
INTVEC$$Limit           0x008080          --   Gb  - Linker created -
IWDG_Config             0x009751   0x12  Code  Gb  tim.o [1]
IWDG_Enable             0x0097cc    0x5  Code  Gb  stm8s_iwdg.o [1]
IWDG_ReloadCounter      0x0097c7    0x5  Code  Gb  stm8s_iwdg.o [1]
IWDG_SetPrescaler       0x009042   0x44  Code  Gb  stm8s_iwdg.o [1]
IWDG_SetReload          0x0097da    0x4  Code  Gb  stm8s_iwdg.o [1]
IWDG_WriteAccessCmd     0x009543   0x26  Code  Gb  stm8s_iwdg.o [1]
Read_ADC                0x009763    0xf  Code  Gb  adc.o [1]
Region$$Table$$Base     0x0095f9          --   Gb  - Linker created -
Region$$Table$$Limit    0x009601          --   Gb  - Linker created -
SPI_IRQHandler          0x0097f8    0x1  Code  Gb  stm8s_it.o [1]
TIM1_CAP_COM_IRQHandler
                        0x0097fa    0x1  Code  Gb  stm8s_it.o [1]
TIM1_ClearFlag          0x00933a   0x35  Code  Gb  stm8s_tim1.o [1]
TIM1_Cmd                0x00945f   0x2f  Code  Gb  stm8s_tim1.o [1]
TIM1_Configuration      0x009640   0x1f  Code  Gb  tim.o [1]
TIM1_ITConfig           0x008ff4   0x4e  Code  Gb  stm8s_tim1.o [1]
TIM1_TimeBaseInit       0x008cf0   0x60  Code  Gb  stm8s_tim1.o [1]
TIM1_UPD_OVF_TRG_BRK_IRQHandler
                        0x0097f9    0x1  Code  Gb  stm8s_it.o [1]
TIM2_CAP_COM_IRQHandler
                        0x0097fb    0x1  Code  Gb  stm8s_it.o [1]
TIM2_ClearFlag          0x0094bd   0x2f  Code  Gb  stm8s_tim2.o [1]
TIM2_ClearITPendingBit  0x00951b   0x28  Code  Gb  stm8s_tim2.o [1]
TIM2_Cmd                0x00948e   0x2f  Code  Gb  stm8s_tim2.o [1]
TIM2_ConfigForDelay     0x0096e6   0x19  Code  Gb  tim.o [1]
TIM2_DeInit             0x008da9   0x59  Code  Gb  stm8s_tim2.o [1]
TIM2_ITConfig           0x008eac   0x54  Code  Gb  stm8s_tim2.o [1]
TIM2_SetCounter         0x009795    0x9  Code  Gb  stm8s_tim2.o [1]
TIM2_TimeBaseInit       0x009780    0xc  Code  Gb  stm8s_tim2.o [1]
TIM2_UPD_OVF_BRK_IRQHandler
                        0x009621   0x1f  Code  Gb  stm8s_it.o [1]
TIM4_ClearFlag          0x00958f   0x24  Code  Gb  stm8s_tim4.o [1]
TIM4_ClearITPendingBit  0x0095b3   0x24  Code  Gb  stm8s_tim4.o [1]
TIM4_Cmd                0x0094ec   0x2f  Code  Gb  stm8s_tim4.o [1]
TIM4_Config             0x0096ff   0x17  Code  Gb  tim.o [1]
TIM4_ITConfig           0x008fa4   0x50  Code  Gb  stm8s_tim4.o [1]
TIM4_SetCounter         0x0097de    0x4  Code  Gb  stm8s_tim4.o [1]
TIM4_Start              0x00979e    0x9  Code  Gb  tim.o [1]
TIM4_TimeBaseInit       0x008f53   0x51  Code  Gb  stm8s_tim4.o [1]
TIM4_UPD_OVF_IRQHandler
                        0x008f00   0x53  Code  Gb  stm8s_it.o [1]
TIM4_UPD_OVF_IRQHandler::ticks
                        0x000014    0x4  Data  Lc  stm8s_it.o [1]
TLI_IRQHandler          0x0097f1    0x1  Code  Gb  stm8s_it.o [1]
TRAP_IRQHandler         0x0097f0    0x1  Code  Gb  stm8s_it.o [1]
UART1_RX_IRQHandler     0x0097fd    0x1  Code  Gb  stm8s_it.o [1]
UART1_TX_IRQHandler     0x0097fc    0x1  Code  Gb  stm8s_it.o [1]
__DebugBreak            0x009801    0x1  Code  Gb  __dbg_break.o [3]
__exit                  0x00972a   0x14  Code  Gb  __dbg_xxexit.o [3]
__iar_data_init2        0x009716   0x14  Code  Gb  init.o [4]
__iar_program_start     0x00973e         Code  Gb  cstartup.o [4]
__iar_unhandled_exception
                        0x0097eb         Code  Gb  unhandled_exception.o [4]
__iar_zero_init2        0x00965f         Code  Gb  init_small.o [4]
__intvec                0x008000         Data  Gb  interrupt.o [4]
__low_level_init        0x0097e5    0x3  Code  Gb  low_level_init.o [4]
_exit                   0x0097d1         Code  Gb  cexit.o [4]
_interrupt_1            0x0097f0         Code  Gb  stm8s_it.o [1]
_interrupt_12           0x0097f8         Code  Gb  stm8s_it.o [1]
_interrupt_13           0x0097f9         Code  Gb  stm8s_it.o [1]
_interrupt_14           0x0097fa         Code  Gb  stm8s_it.o [1]
_interrupt_15           0x009621         Code  Gb  stm8s_it.o [1]
_interrupt_16           0x0097fb         Code  Gb  stm8s_it.o [1]
_interrupt_19           0x0097fc         Code  Gb  stm8s_it.o [1]
_interrupt_2            0x0097f1         Code  Gb  stm8s_it.o [1]
_interrupt_20           0x0097fd         Code  Gb  stm8s_it.o [1]
_interrupt_21           0x0097fe         Code  Gb  stm8s_it.o [1]
_interrupt_24           0x0097ff         Code  Gb  stm8s_it.o [1]
_interrupt_25           0x008f00         Code  Gb  stm8s_it.o [1]
_interrupt_26           0x009800         Code  Gb  stm8s_it.o [1]
_interrupt_3            0x0097f2         Code  Gb  stm8s_it.o [1]
_interrupt_4            0x0097f3         Code  Gb  stm8s_it.o [1]
_interrupt_5            0x0097f4         Code  Gb  stm8s_it.o [1]
_interrupt_6            0x0097f5         Code  Gb  stm8s_it.o [1]
_interrupt_7            0x009086         Code  Gb  stm8s_it.o [1]
_interrupt_8            0x0097f6         Code  Gb  stm8s_it.o [1]
_interrupt_9            0x0097f7         Code  Gb  stm8s_it.o [1]
_msCounter              0x00001a    0x2  Data  Gb  sys.o [1]
adc_value               0x000018    0x2  Data  Gb  adc.o [1]
assert_failed           0x0097ee    0x2  Code  Gb  main.o [1]
delay_ms                0x0095d7   0x22  Code  Gb  sys.o [1]
delay_us                0x0096cd   0x19  Code  Gb  sys.o [1]
exit                    0x0097e8    0x3  Code  Gb  exit.o [4]
main                    0x0086b5  0x103  Code  Gb  main.o [1]
voltage                 0x000010    0x4  Data  Gb  adc.o [1]
work_end_once           0x00001e    0x1  Data  Gb  main.o [1]
work_flag               0x00001c    0x1  Data  Gb  main.o [1]
work_start_once         0x00001d    0x1  Data  Gb  main.o [1]


[1] = D:\STM8_CODE\clean_eyes\Debug\Obj
[2] = command line
[3] = dbgstm8smd.a
[4] = dlstm8smn.a

  5 499 bytes of readonly  code memory
    647 bytes of readonly  data memory
    287 bytes of readwrite data memory

Errors: none
Warnings: none
